// Jest Snapshot v1, https://goo.gl/fbAQLP

exports[`<SectionContainer /> Should render <SectionContainer /> 1`] = `
HTMLCollection [
  .c0 {
  max-width: 120rem;
  margin: 0 auto;
  padding: 3.2rem;
}

<div
    class="c0"
  >
    <div>
      <h1>
        Test
      </h1>
      <p>
        Lorem ipsum dolor sit amet consectetur adipisicing elit. Quasi sequi neque incidunt illo officiis quidem placeat! Ut, eligendi hic rerum sit beatae molestias optio nostrum. Unde odio earum fugit perspiciatis.
      </p>
    </div>
  </div>,
]
`;
